// Jest Snapshot v1, https://goo.gl/fbAQLP

exports[`Filters Snapshot testing 1`] = `
<div
  className="filters-main"
>
  <div>
    <Link
      className="btn"
      to="/createad"
    >
      +Ad
    </Link>
  </div>
  <form
    className="filters-form"
    onSubmit={[Function]}
  >
    <fieldset>
      <label>
        Nombre: 
      </label>
      <input
        className="input-name"
        onChange={[Function]}
        type="text"
      />
    </fieldset>
    <fieldset>
      <label>
        Operación: 
      </label>
      <select
        onChange={[Function]}
      >
        <option
          value="all"
        >
          Todas
        </option>
        <option
          value="buy"
        >
          Compra
        </option>
        <option
          value="sell"
        >
          Venta
        </option>
      </select>
    </fieldset>
    <fieldset>
      <label>
        Tag: 
      </label>
      <select
        onChange={[Function]}
      >
        <option
          value="all"
        >
          Todas
        </option>
        <option
          key="0"
          value="tag1"
        >
          tag1
        </option>
        <option
          key="1"
          value="tag2"
        >
          tag2
        </option>
        <option
          key="2"
          value="tag3"
        >
          tag3
        </option>
      </select>
    </fieldset>
    <fieldset>
      <label>
        Precio máximo: 
      </label>
      <input
        className="rangePrice"
        id="priceSelector"
        max={100}
        min="0"
        onChange={[Function]}
        type="range"
      />
      <input
        className="input-price"
        id="price"
        onChange={[Function]}
        type="text"
      />
    </fieldset>
    <fieldset>
      <input
        className="btn"
        type="submit"
      />
      <input
        className="btn"
        onClick={[Function]}
        type="reset"
      />
    </fieldset>
  </form>
</div>
`;
